// Jest Snapshot v1, https://goo.gl/fbAQLP

exports[`Renders matching snapshot 1`] = `
<DocumentFragment>
  <article
    class="page home"
  >
    <div
      class="content-wrapper"
    >
      <div
        class="terminal"
      >
        <div
          class="fakeMenu"
        >
          <div
            class="fakeButtons fakeClose"
          />
          <div
            class="fakeButtons fakeMinimize"
          />
          <div
            class="fakeButtons fakeZoom"
          />
        </div>
        <div
          class="fakeScreen"
        >
          <p>
            Last login: Mon Jul 2 08:56:47 on ttys000
          </p>
          <p
            class="type-text"
          >
            $ Good morning.
          </p>
          <p
            class="type-text"
          >
            $ I'm Tom, a Web Developer & Broadcast Engineer.
          </p>
          <p
            class="type-text"
          >
            $ Find out more using the menu in the top right.â–ˆ
          </p>
        </div>
      </div>
      <div
        class="buttons"
      >
        <h4>
          Find me online
        </h4>
        <a
          href="https://www.instagram.com/tomgiddings/"
        >
          <i
            aria-hidden="true"
            class="fab fa-instagram fa-3x"
            title="Instagram"
          />
          <span
            class="sr-only"
          >
            Instagram
          </span>
        </a>
        <a
          href="https://www.linkedin.com/in/tomgiddings/"
        >
          <i
            aria-hidden="true"
            class="fab fa-linkedin-in fa-3x"
            title="LinkedIn"
          />
          <span
            class="sr-only"
          >
            LinkedIn
          </span>
        </a>
        <a
          href="https://github.com/tomgiddings"
        >
          <i
            aria-hidden="true"
            class="fab fa-github fa-3x"
            title="GitHub"
          />
          <span
            class="sr-only"
          >
            GitHub
          </span>
        </a>
      </div>
    </div>
  </article>
</DocumentFragment>
`;
