// Jest Snapshot v1, https://goo.gl/fbAQLP

exports[`Renders correctly 1`] = `
<DocumentFragment>
  <article
    class="page broadcast"
  >
    <div
      class="content-wrapper"
    >
      <h1>
        Broadcast Engineer
      </h1>
      <p>
        I've worked as an engineer from Student and Community Radio through to national brands including Absolute Radio, Kiss, Magic, Planet Rock, and Kerrang! Radio.
      </p>
      <p>
        My work has included:
      </p>
      <ul>
        <li>
          Technical installation and refurbishment of broadcast studios.
        </li>
        <li>
          Outside Broadcasts including Snowbombing Festival, The Brit Awards, and the Isle of Wight Festival.
        </li>
        <li>
          Helping to maintain broadcast and IT systems, from studio hardware to VMware vSphere environments.
        </li>
        <li>
          Supporting brands both during and out of hours.
        </li>
      </ul>
      <p>
        I'm currently part of 
        <a
          href="https://www.safepairofhands.co.uk"
        >
          Safe Pair of Hands Technology
        </a>
         working on IT and broadcast projects, and you can find out more about my work on 
        <a
          href="https://www.linkedin.com/in/tomgiddings/"
        >
          <i
            class="fab fa-linkedin"
          >
            Â 
          </i>
          LinkedIn
        </a>
        .
      </p>
      <p>
        <a
          href="https://www.safepairofhands.co.uk"
        >
          <img
            alt="Safe Pair of Hands Technology"
            class="logo"
            src="/logos/spohlogo.png"
          />
        </a>
      </p>
    </div>
  </article>
</DocumentFragment>
`;
